[LiquidEngine] Attempting to include: cta-estimate.html
Build failed: (<unknown>): could not find expected ':' while scanning a simple key at line 6 column 1
[LiquidEngine] Rendering include: cta-estimate.html
[LiquidEngine] Attempting to include: cta-estimate.html
[LiquidEngine] Rendering include: cta-estimate.html
[LiquidEngine] Attempting to include: cta-estimate.html
[LiquidEngine] Rendering include: cta-estimate.html
[LiquidEngine] Attempting to include: cta-estimate.html
[LiquidEngine] Rendering include: cta-estimate.html
